2026-05-09 13:22:11 - carbontracker version 2.4.4
2026-05-09 13:22:11 - Only predicted and actual consumptions are multiplied by a PUE coefficient of 1.58 (Daniel Bizo, 2023, Uptime Institute Global Data Center Survey).
2026-05-09 13:22:11 - The following components were found: GPU with device(s) NVIDIA A40.
2026-05-09 13:22:11 - Monitoring thread started.
2026-05-09 13:37:20 - Epoch 1:
2026-05-09 13:37:20 - Duration: 0:15:08.85
2026-05-09 13:37:20 - Average power usage (W) for gpu: 77.44128366445916
2026-05-09 13:37:20 - Carbon intensities (gCO2eq/kWh) fetched every 900 s at detected location Tilburg, North Brabant, NL: [253.31152]
2026-05-09 13:37:20 - Monitoring thread ended.
2026-05-09 14:18:56 - carbontracker version 2.4.4
2026-05-09 14:18:56 - Only predicted and actual consumptions are multiplied by a PUE coefficient of 1.58 (Daniel Bizo, 2023, Uptime Institute Global Data Center Survey).
2026-05-09 14:18:56 - The following components were found: GPU with device(s) NVIDIA A40.
2026-05-09 14:18:56 - Monitoring thread started.
2026-05-09 14:43:19 - Epoch 1:
2026-05-09 14:43:20 - Duration: 0:24:23.48
2026-05-09 14:43:20 - Average power usage (W) for gpu: 77.44509190672154
2026-05-09 14:43:20 - Carbon intensities (gCO2eq/kWh) fetched every 900 s at detected location Tilburg, North Brabant, NL: [253.31152]
2026-05-09 14:43:20 - Monitoring thread ended.
2026-05-09 15:40:46 - carbontracker version 2.4.4
2026-05-09 15:40:46 - Only predicted and actual consumptions are multiplied by a PUE coefficient of 1.58 (Daniel Bizo, 2023, Uptime Institute Global Data Center Survey).
2026-05-09 15:40:46 - The following components were found: GPU with device(s) NVIDIA A40.
2026-05-09 15:40:46 - Monitoring thread started.
2026-05-09 15:53:32 - Epoch 1:
2026-05-09 15:53:32 - Duration: 0:12:45.91
2026-05-09 15:53:32 - Average power usage (W) for gpu: 80.04923429319372
2026-05-09 15:53:32 - Carbon intensities (gCO2eq/kWh) fetched every 900 s at detected location Tilburg, North Brabant, NL: [253.31152]
2026-05-09 15:53:32 - Monitoring thread ended.
