2026-05-09 13:22:11 - CarbonTracker: The following components were found: GPU with device(s) NVIDIA A40.
2026-05-09 13:37:20 - CarbonTracker: 
Predicted consumption for 1 epoch(s):
	Time:	0:15:09
	Energy:	0.030890094628 kWh
	CO2eq:	7.824816823189 g
	This is equivalent to:
	0.073266075123 km travelled by car
2026-05-09 13:37:20 - CarbonTracker: Average carbon intensity during training was 253.31 gCO2eq/kWh. 
2026-05-09 13:37:20 - CarbonTracker: 
Actual consumption for 1 epoch(s):
	Time:	0:15:09
	Energy:	0.030890094628 kWh
	CO2eq:	7.824816823189 g
	This is equivalent to:
	0.073266075123 km travelled by car
2026-05-09 13:37:20 - CarbonTracker: Finished monitoring.
2026-05-09 14:18:56 - CarbonTracker: The following components were found: GPU with device(s) NVIDIA A40.
2026-05-09 14:43:20 - CarbonTracker: 
Predicted consumption for 1 epoch(s):
	Time:	0:24:23
	Energy:	0.049743420535 kWh
	CO2eq:	12.600581465712 g
	This is equivalent to:
	0.117982972525 km travelled by car
2026-05-09 14:43:20 - CarbonTracker: Average carbon intensity during training was 253.31 gCO2eq/kWh. 
2026-05-09 14:43:20 - CarbonTracker: 
Actual consumption for 1 epoch(s):
	Time:	0:24:23
	Energy:	0.049743420535 kWh
	CO2eq:	12.600581465712 g
	This is equivalent to:
	0.117982972525 km travelled by car
2026-05-09 14:43:20 - CarbonTracker: Finished monitoring.
2026-05-09 15:40:46 - CarbonTracker: The following components were found: GPU with device(s) NVIDIA A40.
2026-05-09 15:53:32 - CarbonTracker: 
Predicted consumption for 1 epoch(s):
	Time:	0:12:46
	Energy:	0.026908516755 kWh
	CO2eq:	6.816237280116 g
	This is equivalent to:
	0.063822446443 km travelled by car
2026-05-09 15:53:32 - CarbonTracker: Average carbon intensity during training was 253.31 gCO2eq/kWh. 
2026-05-09 15:53:32 - CarbonTracker: 
Actual consumption for 1 epoch(s):
	Time:	0:12:46
	Energy:	0.026908516755 kWh
	CO2eq:	6.816237280116 g
	This is equivalent to:
	0.063822446443 km travelled by car
2026-05-09 15:53:32 - CarbonTracker: Finished monitoring.
