2026-05-08 20:47:09 - carbontracker version 2.4.4
2026-05-08 20:47:09 - Only predicted and actual consumptions are multiplied by a PUE coefficient of 1.58 (Daniel Bizo, 2023, Uptime Institute Global Data Center Survey).
2026-05-08 20:47:09 - The following components were found: GPU with device(s) NVIDIA A40.
2026-05-08 20:47:09 - Monitoring thread started.
2026-05-08 20:53:56 - Epoch 1:
2026-05-08 20:53:56 - Duration: 0:06:47.11
2026-05-08 20:53:56 - Average power usage (W) for gpu: 81.79407881773399
2026-05-08 20:53:56 - Carbon intensities (gCO2eq/kWh) fetched every 900 s at detected location Tilburg, North Brabant, NL: [253.31152]
2026-05-08 20:53:56 - Monitoring thread ended.
2026-05-08 21:18:39 - carbontracker version 2.4.4
2026-05-08 21:18:39 - Only predicted and actual consumptions are multiplied by a PUE coefficient of 1.58 (Daniel Bizo, 2023, Uptime Institute Global Data Center Survey).
2026-05-08 21:18:39 - The following components were found: GPU with device(s) NVIDIA A40.
2026-05-08 21:18:39 - Monitoring thread started.
2026-05-08 21:33:40 - Epoch 1:
2026-05-08 21:33:40 - Duration: 0:15:01.10
2026-05-08 21:33:40 - Average power usage (W) for gpu: 183.30886399108135
2026-05-08 21:33:40 - Carbon intensities (gCO2eq/kWh) fetched every 900 s at detected location Tilburg, North Brabant, NL: [253.31152]
2026-05-08 21:33:40 - Monitoring thread ended.
2026-05-08 22:11:16 - carbontracker version 2.4.4
2026-05-08 22:11:16 - Only predicted and actual consumptions are multiplied by a PUE coefficient of 1.58 (Daniel Bizo, 2023, Uptime Institute Global Data Center Survey).
2026-05-08 22:11:16 - The following components were found: GPU with device(s) NVIDIA A40.
2026-05-08 22:11:16 - Monitoring thread started.
2026-05-08 22:31:29 - Epoch 1:
2026-05-08 22:31:29 - Duration: 0:20:13.27
2026-05-08 22:31:29 - Average power usage (W) for gpu: 185.8801548013245
2026-05-08 22:31:29 - Carbon intensities (gCO2eq/kWh) fetched every 900 s at detected location Tilburg, North Brabant, NL: [253.31152]
2026-05-08 22:31:29 - Monitoring thread ended.
2026-05-08 23:37:51 - carbontracker version 2.4.4
2026-05-08 23:37:51 - Only predicted and actual consumptions are multiplied by a PUE coefficient of 1.58 (Daniel Bizo, 2023, Uptime Institute Global Data Center Survey).
2026-05-08 23:37:51 - The following components were found: GPU with device(s) NVIDIA A40.
2026-05-08 23:37:51 - Monitoring thread started.
2026-05-08 23:55:44 - Epoch 1:
2026-05-08 23:55:44 - Duration: 0:17:52.75
2026-05-08 23:55:44 - Average power usage (W) for gpu: 194.4172245088868
2026-05-08 23:55:45 - Carbon intensities (gCO2eq/kWh) fetched every 900 s at detected location Tilburg, North Brabant, NL: [253.31152]
2026-05-08 23:55:45 - Monitoring thread ended.
