2026-05-08 21:34:19 - CarbonTracker: The following components were found: GPU with device(s) NVIDIA A40.
2026-05-08 21:54:09 - CarbonTracker: 
Predicted consumption for 1 epoch(s):
	Time:	0:19:50
	Energy:	0.097371378832 kWh
	CO2eq:	24.665291976312 g
	This is equivalent to:
	0.230948426744 km travelled by car
2026-05-08 21:54:09 - CarbonTracker: Average carbon intensity during training was 253.31 gCO2eq/kWh. 
2026-05-08 21:54:09 - CarbonTracker: 
Actual consumption for 1 epoch(s):
	Time:	0:19:50
	Energy:	0.097371378832 kWh
	CO2eq:	24.665291976312 g
	This is equivalent to:
	0.230948426744 km travelled by car
2026-05-08 21:54:09 - CarbonTracker: Finished monitoring.
2026-05-08 22:32:07 - CarbonTracker: The following components were found: GPU with device(s) NVIDIA A40.
2026-05-08 23:00:59 - CarbonTracker: 
Predicted consumption for 1 epoch(s):
	Time:	0:28:51
	Energy:	0.139990772504 kWh
	CO2eq:	35.461275369078 g
	This is equivalent to:
	0.332034413568 km travelled by car
2026-05-08 23:00:59 - CarbonTracker: Average carbon intensity during training was 253.31 gCO2eq/kWh. 
2026-05-08 23:00:59 - CarbonTracker: 
Actual consumption for 1 epoch(s):
	Time:	0:28:51
	Energy:	0.139990772504 kWh
	CO2eq:	35.461275369078 g
	This is equivalent to:
	0.332034413568 km travelled by car
2026-05-08 23:00:59 - CarbonTracker: Finished monitoring.
