2026-05-08 21:07:16 - CarbonTracker: The following components were found: GPU with device(s) NVIDIA A40.
2026-05-08 21:18:19 - CarbonTracker: 
Predicted consumption for 1 epoch(s):
	Time:	0:11:02
	Energy:	0.054526284650 kWh
	CO2eq:	13.812136044599 g
	This is equivalent to:
	0.129327116522 km travelled by car
2026-05-08 21:18:19 - CarbonTracker: Average carbon intensity during training was 253.31 gCO2eq/kWh. 
2026-05-08 21:18:19 - CarbonTracker: 
Actual consumption for 1 epoch(s):
	Time:	0:11:02
	Energy:	0.054526284650 kWh
	CO2eq:	13.812136044599 g
	This is equivalent to:
	0.129327116522 km travelled by car
2026-05-08 21:18:19 - CarbonTracker: Finished monitoring.
2026-05-08 21:54:24 - CarbonTracker: The following components were found: GPU with device(s) NVIDIA A40.
2026-05-08 22:11:06 - CarbonTracker: 
Predicted consumption for 1 epoch(s):
	Time:	0:16:41
	Energy:	0.080466438778 kWh
	CO2eq:	20.383075915958 g
	This is equivalent to:
	0.190852770749 km travelled by car
2026-05-08 22:11:06 - CarbonTracker: Average carbon intensity during training was 253.31 gCO2eq/kWh. 
2026-05-08 22:11:06 - CarbonTracker: 
Actual consumption for 1 epoch(s):
	Time:	0:16:41
	Energy:	0.080466438778 kWh
	CO2eq:	20.383075915958 g
	This is equivalent to:
	0.190852770749 km travelled by car
2026-05-08 22:11:06 - CarbonTracker: Finished monitoring.
2026-05-08 23:01:19 - CarbonTracker: The following components were found: GPU with device(s) NVIDIA A40.
2026-05-08 23:37:20 - CarbonTracker: 
Predicted consumption for 1 epoch(s):
	Time:	0:36:01
	Energy:	0.244033085529 kWh
	CO2eq:	61.816391825527 g
	This is equivalent to:
	0.578805166906 km travelled by car
2026-05-08 23:37:20 - CarbonTracker: Average carbon intensity during training was 253.31 gCO2eq/kWh. 
2026-05-08 23:37:20 - CarbonTracker: 
Actual consumption for 1 epoch(s):
	Time:	0:36:01
	Energy:	0.244033085529 kWh
	CO2eq:	61.816391825527 g
	This is equivalent to:
	0.578805166906 km travelled by car
2026-05-08 23:37:20 - CarbonTracker: Finished monitoring.
