2026-05-08 22:11:16 - CarbonTracker: The following components were found: GPU with device(s) NVIDIA A40.
2026-05-08 22:31:29 - CarbonTracker: 
Predicted consumption for 1 epoch(s):
	Time:	0:20:13
	Energy:	0.098979217391 kWh
	CO2eq:	25.072576005748 g
	This is equivalent to:
	0.234761947619 km travelled by car
2026-05-08 22:31:29 - CarbonTracker: Average carbon intensity during training was 253.31 gCO2eq/kWh. 
2026-05-08 22:31:29 - CarbonTracker: 
Actual consumption for 1 epoch(s):
	Time:	0:20:13
	Energy:	0.098979217391 kWh
	CO2eq:	25.072576005748 g
	This is equivalent to:
	0.234761947619 km travelled by car
2026-05-08 22:31:29 - CarbonTracker: Finished monitoring.
2026-05-08 23:37:51 - CarbonTracker: The following components were found: GPU with device(s) NVIDIA A40.
2026-05-08 23:55:44 - CarbonTracker: 
Predicted consumption for 1 epoch(s):
	Time:	0:17:53
	Energy:	0.091534882730 kWh
	CO2eq:	23.186840277406 g
	This is equivalent to:
	0.217105246043 km travelled by car
2026-05-08 23:55:45 - CarbonTracker: Average carbon intensity during training was 253.31 gCO2eq/kWh. 
2026-05-08 23:55:45 - CarbonTracker: 
Actual consumption for 1 epoch(s):
	Time:	0:17:53
	Energy:	0.091534882730 kWh
	CO2eq:	23.186840277406 g
	This is equivalent to:
	0.217105246043 km travelled by car
2026-05-08 23:55:45 - CarbonTracker: Finished monitoring.
